// Jest Snapshot v1, https://goo.gl/fbAQLP

exports[`should take a snapshot of the whole app 1`] = `
<DocumentFragment>
  <div
    class="container"
  >
    <div
      class="row"
    >
      <div
        class="flexCenter left"
      >
        <span
          class="numDisplay"
        >
          88
        </span>
        <div
          class="rc-slider"
        >
          <div
            class="rc-slider-rail"
            style="background-color: rgb(241, 250, 238); width: 100%; height: 100%; border-radius: 0;"
          />
          <div
            class="rc-slider-track"
            style="background-color: rgb(168, 218, 220); width: 24%; height: 100%; left: 0%; border-radius: 0;"
          />
          <div
            class="rc-slider-step"
          />
          <div
            aria-disabled="false"
            aria-label="bpm-slider"
            aria-valuemax="240"
            aria-valuemin="40"
            aria-valuenow="88"
            class="rc-slider-handle"
            role="slider"
            style="height: 0px; border-radius: 0; margin: 0px; left: 24%; transform: translateX(-50%);"
            tabindex="0"
          />
          <div
            class="rc-slider-mark"
          />
        </div>
      </div>
      <div
        class="flexCenter right"
      >
        <button
          aria-label="increase-4-bpm"
        >
          +4 bpm
        </button>
        <button
          aria-label="decrease-4-bpm"
        >
          -4 bpm
        </button>
      </div>
    </div>
    <div
      class="row"
    >
      <div
        class="flexCenter left"
      >
        <div
          class="beat"
        >
          <div
            class="rc-slider rc-slider-vertical"
          >
            <div
              class="rc-slider-rail"
              style="background-color: rgb(69, 123, 157); width: 100%; height: 100%; border-radius: 0;"
            />
            <div
              class="rc-slider-track"
              style="background-color: rgb(29, 53, 87); width: 100%; height: 100%; left: 0px; border-radius: 0; bottom: 0%;"
            />
            <div
              class="rc-slider-step"
            />
            <div
              aria-disabled="false"
              aria-label="beat-slider"
              aria-valuemax="100"
              aria-valuemin="0"
              aria-valuenow="100"
              class="rc-slider-handle"
              role="slider"
              style="height: 0px; border-radius: 0; margin: 0px; bottom: 100%; transform: translateY(+50%);"
              tabindex="0"
            />
            <div
              class="rc-slider-mark"
            />
          </div>
        </div>
        <div
          class="beat"
        >
          <div
            class="rc-slider rc-slider-vertical"
          >
            <div
              class="rc-slider-rail"
              style="background-color: rgb(241, 250, 238); width: 100%; height: 100%; border-radius: 0;"
            />
            <div
              class="rc-slider-track"
              style="background-color: rgb(168, 218, 220); width: 100%; height: 50%; left: 0px; border-radius: 0; bottom: 0%;"
            />
            <div
              class="rc-slider-step"
            />
            <div
              aria-disabled="false"
              aria-label="beat-slider"
              aria-valuemax="100"
              aria-valuemin="0"
              aria-valuenow="50"
              class="rc-slider-handle"
              role="slider"
              style="height: 0px; border-radius: 0; margin: 0px; bottom: 50%; transform: translateY(+50%);"
              tabindex="0"
            />
            <div
              class="rc-slider-mark"
            />
          </div>
        </div>
        <div
          class="beat"
        >
          <div
            class="rc-slider rc-slider-vertical"
          >
            <div
              class="rc-slider-rail"
              style="background-color: rgb(241, 250, 238); width: 100%; height: 100%; border-radius: 0;"
            />
            <div
              class="rc-slider-track"
              style="background-color: rgb(168, 218, 220); width: 100%; height: 25%; left: 0px; border-radius: 0; bottom: 0%;"
            />
            <div
              class="rc-slider-step"
            />
            <div
              aria-disabled="false"
              aria-label="beat-slider"
              aria-valuemax="100"
              aria-valuemin="0"
              aria-valuenow="25"
              class="rc-slider-handle"
              role="slider"
              style="height: 0px; border-radius: 0; margin: 0px; bottom: 25%; transform: translateY(+50%);"
              tabindex="0"
            />
            <div
              class="rc-slider-mark"
            />
          </div>
        </div>
        <div
          class="beat"
        >
          <div
            class="rc-slider rc-slider-vertical"
          >
            <div
              class="rc-slider-rail"
              style="background-color: rgb(241, 250, 238); width: 100%; height: 100%; border-radius: 0;"
            />
            <div
              class="rc-slider-track"
              style="background-color: rgb(168, 218, 220); width: 100%; height: 50%; left: 0px; border-radius: 0; bottom: 0%;"
            />
            <div
              class="rc-slider-step"
            />
            <div
              aria-disabled="false"
              aria-label="beat-slider"
              aria-valuemax="100"
              aria-valuemin="0"
              aria-valuenow="50"
              class="rc-slider-handle"
              role="slider"
              style="height: 0px; border-radius: 0; margin: 0px; bottom: 50%; transform: translateY(+50%);"
              tabindex="0"
            />
            <div
              class="rc-slider-mark"
            />
          </div>
        </div>
      </div>
      <div
        class="flexCenter right"
      >
        <button
          aria-label="add-beat"
        >
          + beat
        </button>
        <button
          aria-label="remove-beat"
        >
          - beat
        </button>
      </div>
    </div>
    <div
      class="row"
    >
      <button
        aria-label="start-stop"
        style="width: 100%;"
      >
        Start
      </button>
    </div>
  </div>
</DocumentFragment>
`;
